error: default_value is meaningless for bool
  --> tests/derive_ui/bool_default_value.rs:14:19
   |
14 |     #[clap(short, default_value_t = true)]
   |                   ^^^^^^^^^^^^^^^
