error: `flatten` cannot be used with `subcommand`
  --> tests/derive_ui/subcommand_and_flatten.rs:16:24
   |
16 |     #[clap(subcommand, flatten)]
   |                        ^^^^^^^
